����FFE4350 l�ets Jul 29 2019 12:21:46

rst:0x1 (POWERON_RESET),boot:0x13 (SPI_FAST_FLASH_BOOT)
configsip: 0, SPIWP:0xee
clk_drv:0x00,q_drv:0x00,d_drv:0x00,cs0_drv:0x00,hd_drv:0x00,wp_drv:0x00
mode:DIO, clock div:2
load:0x3fff0030,len:6276
load:0x40078000,len:15748
load:0x40080400,len:4
ho 8 tail 4 room 4
load:0x40080404,len:3860
entry 0x4008063c
[0;32mI (31) boot: ESP-IDF v5.4.1-dirty 2nd stage bootloader[0m
[0;32mI (31) boot: compile time Apr 17 2026 00:37:04[0m
[0;32mI (31) boot: Multicore bootloader[0m
[0;32mI (33) boot: chip revision: v3.1[0m
[0;32mI (36) boot.esp32: SPI Speed      : 40MHz[0m
[0;32mI (40) boot.esp32: SPI Mode       : DIO[0m
[0;32mI (43) boot.esp32: SPI Flash Size : 2MB[0m
[0;32mI (47) boot: Enabling RNG early entropy source...[0m
[0;32mI (51) boot: Partition Table:[0m
[0;32mI (54) boot: ## Label            Usage          Type ST Offset   Length[0m
[0;32mI (60) boot:  0 nvs              WiFi data        01 02 00009000 00006000[0m
[0;32mI (67) boot:  1 phy_init         RF data          01 01 0000f000 00001000[0m
[0;32mI (73) boot:  2 factory          factory app      00 00 00010000 00100000[0m
[0;32mI (80) boot: End of partition table[0m
[0;32mI (83) esp_image: segment 0: paddr=00010020 vaddr=3f400020 size=0ac7ch ( 44156) map[0m
[0;32mI (106) esp_image: segment 1: paddr=0001aca4 vaddr=3ff80000 size=0001ch (    28) load[0m
[0;32mI (106) esp_image: segment 2: paddr=0001acc8 vaddr=3ffb0000 size=02324h (  8996) load[0m
[0;32mI (113) esp_image: segment 3: paddr=0001cff4 vaddr=40080000 size=03024h ( 12324) load[0m
[0;32mI (122) esp_image: segment 4: paddr=00020020 vaddr=400d0020 size=15e84h ( 89732) map[0m
[0;32mI (155) esp_image: segment 5: paddr=00035eac vaddr=40083024 size=0ac50h ( 44112) load[0m
[0;32mI (179) boot: Loaded app from partition at offset 0x10000[0m
[0;32mI (179) boot: Disabling RNG early entropy source...[0m
[0;32mI (190) cpu_start: Multicore app[0m
[0;32mI (198) cpu_start: Pro cpu start user code[0m
[0;32mI (198) cpu_start: cpu freq: 160000000 Hz[0m
[0;32mI (198) app_init: Application information:[0m
[0;32mI (198) app_init: Project name:     test_modbus[0m
[0;32mI (202) app_init: App version:      b70fffd-dirty[0m
[0;32mI (207) app_init: Compile time:     Apr 17 2026 00:36:53[0m
[0;32mI (212) app_init: ELF file SHA256:  52799581c...[0m
[0;32mI (216) app_init: ESP-IDF:          v5.4.1-dirty[0m
[0;32mI (220) efuse_init: Min chip rev:     v0.0[0m
[0;32mI (224) efuse_init: Max chip rev:     v3.99 [0m
[0;32mI (228) efuse_init: Chip rev:         v3.1[0m
[0;32mI (232) heap_init: Initializing. RAM available for dynamic allocation:[0m
[0;32mI (239) heap_init: At 3FFAE6E0 len 00001920 (6 KiB): DRAM[0m
[0;32mI (243) heap_init: At 3FFB2C10 len 0002D3F0 (180 KiB): DRAM[0m
[0;32mI (249) heap_init: At 3FFE0440 len 00003AE0 (14 KiB): D/IRAM[0m
[0;32mI (254) heap_init: At 3FFE4350 len 0001BCB0 (111 KiB): D/IRAM[0m
[0;32mI (260) heap_init: At 4008DC74 len 0001238C (72 KiB): IRAM[0m
[0;32mI (266) spi_flash: detected chip: generic[0m
[0;32mI (269) spi_flash: flash io: dio[0m
[0;33mW (272) spi_flash: Detected size(4096k) larger than the size in the binary image header(2048k). Using the size in the binary image header.[0m
[0;32mI (284) main_task: Started on CPU0[0m
[0;32mI (294) main_task: Calling app_main()[0m
[0;32mI (294) MASTER_GATEWAY: Sending RUN Command...[0m
[1;31mE (844) MASTER_GATEWAY: Failed! Received: 00 or Timeout[0m
[0;32mI (2844) MASTER_GATEWAY: Setting Frequency to 60 Hz...[0m
[1;31mE (3394) MASTER_GATEWAY: Failed! Received: 00 or Timeout[0m
[0;32mI (5394) MASTER_GATEWAY: Sending STOP Command...[0m
[1;31mE (5944) MASTER_GATEWAY: Failed! Received: 00 or Timeout[0m
[0;32mI (7944) MASTER_GATEWAY: Sending RUN Command...[0m
[1;31mE (8494) MASTER_GATEWAY: Failed! Received: 00 or Timeout[0m
[0;32mI (10494) MASTER_GATEWAY: Setting Frequency to 60 Hz...[0m
[1;31mE (11044) MASTER_GATEWAY: Failed! Received: 00 or Timeout[0m
[0;32mI (13044) MASTER_GATEWAY: Sending STOP Command...[0m
[1;31mE (13594) MASTER_GATEWAY: Failed! Received: 00 or Timeout[0m
[0;32mI (15594) MASTER_GATEWAY: Sending RUN Command...[0m
[1;31mE (16144) MASTER_GATEWAY: Failed! Received: 00 or Timeout[0m
[0;32mI (18144) MASTER_GATEWAY: Setting Frequency to 60 Hz...[0m
[1;31mE (18694) MASTER_GATEWAY: Failed! Received: 00 or Timeout[0m
[0;32mI (20694) MASTER_GATEWAY: Sending STOP Command...[0m
[1;31mE (21244) MASTER_GATEWAY: Failed! Received: 00 or Timeout[0m
