x�xB���J�ESP-ROM:esp32s3-20210327
Build:Mar 27 2021
rst:0x1 (POWERON),boot:0x8 (SPI_FAST_FLASH_BOOT)
SPIWP:0xee
mode:DIO, clock div:1
load:0x3fce2810,len:0x15a0
load:0x403c8700,len:0x4
load:0x403c8704,len:0xd20
load:0x403cb700,len:0x2f00
entry 0x403c8928
[0;32mI (27) boot: ESP-IDF v5.4.1-dirty 2nd stage bootloader[0m
[0;32mI (27) boot: compile time May 21 2026 00:34:30[0m
[0;32mI (27) boot: Multicore bootloader[0m
[0;32mI (28) boot: chip revision: v0.2[0m
[0;32mI (30) boot: efuse block revision: v1.3[0m
[0;32mI (34) boot.esp32s3: Boot SPI Speed : 80MHz[0m
[0;32mI (38) boot.esp32s3: SPI Mode       : DIO[0m
[0;32mI (42) boot.esp32s3: SPI Flash Size : 2MB[0m
[0;32mI (45) boot: Enabling RNG early entropy source...[0m
[0;32mI (50) boot: Partition Table:[0m
[0;32mI (52) boot: ## Label            Usage          Type ST Offset   Length[0m
[0;32mI (59) boot:  0 nvs              WiFi data        01 02 00009000 00006000[0m
[0;32mI (65) boot:  1 phy_init         RF data          01 01 0000f000 00001000[0m
[0;32mI (72) boot:  2 factory          factory app      00 00 00010000 00100000[0m
[0;32mI (78) boot: End of partition table[0m
[0;32mI (82) esp_image: segment 0: paddr=00010020 vaddr=3c0b0020 size=344f8h (214264) map[0m
[0;32mI (127) esp_image: segment 1: paddr=00044520 vaddr=3fc9ac00 size=04aa4h ( 19108) load[0m
[0;32mI (131) esp_image: segment 2: paddr=00048fcc vaddr=40374000 size=0704ch ( 28748) load[0m
[0;32mI (138) esp_image: segment 3: paddr=00050020 vaddr=42000020 size=ad41ch (709660) map[0m
[0;32mI (263) esp_image: segment 4: paddr=000fd444 vaddr=4037b04c size=0fb48h ( 64328) load[0m
[0;32mI (277) esp_image: segment 5: paddr=0010cf94 vaddr=50000000 size=0002ch (    44) load[0m
[0;32mI (278) esp_image: segment 6: paddr=0010cfc8 vaddr=600fe100 size=0001ch (    28) load[0m
[0;32mI (290) boot: Loaded app from partition at offset 0x10000[0m
[0;32mI (290) boot: Disabling RNG early entropy source...[0m
[0;32mI (303) cpu_start: Multicore app[0m
[0;32mI (312) cpu_start: Pro cpu start user code[0m
[0;32mI (312) cpu_start: cpu freq: 160000000 Hz[0m
[0;32mI (312) app_init: Application information:[0m
[0;32mI (312) app_init: Project name:     ONA_Software[0m
[0;32mI (316) app_init: App version:      08157cb-dirty[0m
[0;32mI (321) app_init: Compile time:     May 21 2026 16:47:07[0m
[0;32mI (326) app_init: ELF file SHA256:  09c65b245...[0m
[0;32mI (330) app_init: ESP-IDF:          v5.4.1-dirty[0m
[0;32mI (334) efuse_init: Min chip rev:     v0.0[0m
[0;32mI (338) efuse_init: Max chip rev:     v0.99 [0m
[0;32mI (342) efuse_init: Chip rev:         v0.2[0m
[0;32mI (346) heap_init: Initializing. RAM available for dynamic allocation:[0m
[0;32mI (352) heap_init: At 3FCA3B60 len 00045BB0 (278 KiB): RAM[0m
[0;32mI (358) heap_init: At 3FCE9710 len 00005724 (21 KiB): RAM[0m
[0;32mI (363) heap_init: At 3FCF0000 len 00008000 (32 KiB): DRAM[0m
[0;32mI (368) heap_init: At 600FE11C len 00001ECC (7 KiB): RTCRAM[0m
[0;32mI (374) spi_flash: detected chip: boya[0m
[0;32mI (377) spi_flash: flash io: dio[0m
[0;33mW (380) spi_flash: Detected size(16384k) larger than the size in the binary image header(2048k). Using the size in the binary image header.[0m
[0;32mI (392) sleep_gpio: Configure to isolate all GPIO pins in sleep state[0m
[0;32mI (398) sleep_gpio: Enable automatic switching of GPIO sleep configuration[0m
[0;32mI (405) main_task: Started on CPU0[0m
[0;32mI (425) main_task: Calling app_main()[0m
[0;32mI (425) SleepManager: SleepManager init[0m
[0;32mI (425) gpio: GPIO[21]| InputEn: 1| OutputEn: 0| OpenDrain: 0| Pullup: 0| Pulldown: 1| Intr:0 [0m
[0;32mI (425) SleepManager: Alert GPIO IO21 configured (active HIGH)[0m
[0;32mI (435) SleepManager: 🔌 First boot — RTC memory initialized[0m
[0;32mI (445) main: ========================================[0m
[0;32mI (445) main:   Takamul SCADA — ESP32-S3 Firmware    [0m
[0;32mI (455) main:   Wakeup: FIRST BOOT[0m
[0;32mI (455) main: ========================================[0m
[0;32mI (485) NVSManager: NVS Flash Initialized[0m
[0;32mI (485) pp: pp rom version: e7ae62f[0m
[0;32mI (485) net80211: net80211 rom version: e7ae62f[0m
[0;32mI (495) wifi:wifi driver task: 3fcaec84, prio:23, stack:6656, core=0[0m
[0;32mI (505) wifi:wifi firmware version: 79fa3f41ba[0m
[0;32mI (505) wifi:wifi certification version: v7.0[0m
[0;32mI (505) wifi:config NVS flash: enabled[0m
[0;32mI (505) wifi:config nano formatting: disabled[0m
[0;32mI (505) wifi:Init data frame dynamic rx buffer num: 32[0m
[0;32mI (515) wifi:Init static rx mgmt buffer num: 5[0m
[0;32mI (515) wifi:Init management short buffer num: 32[0m
[0;32mI (525) wifi:Init dynamic tx buffer num: 32[0m
[0;32mI (525) wifi:Init static tx FG buffer num: 2[0m
[0;32mI (535) wifi:Init static rx buffer size: 1600[0m
[0;32mI (535) wifi:Init static rx buffer num: 10[0m
[0;32mI (535) wifi:Init dynamic rx buffer num: 32[0m
[0;32mI (545) wifi_init: rx ba win: 6[0m
[0;32mI (545) wifi_init: accept mbox: 6[0m
[0;32mI (545) wifi_init: tcpip mbox: 32[0m
[0;32mI (555) wifi_init: udp mbox: 6[0m
[0;32mI (555) wifi_init: tcp mbox: 6[0m
[0;32mI (555) wifi_init: tcp tx win: 5760[0m
[0;32mI (565) wifi_init: tcp rx win: 5760[0m
[0;32mI (565) wifi_init: tcp mss: 1440[0m
[0;32mI (565) wifi_init: WiFi IRAM OP enabled[0m
[0;32mI (565) wifi_init: WiFi RX IRAM OP enabled[0m
[0;32mI (575) main: Connecting to: SeifAyman[0m
[0;33mW (585) wifi:Password length matches WPA2 standards, authmode threshold changes from OPEN to WPA2[0m
[0;32mI (585) phy_init: phy_version 700,8582a7fd,Feb 10 2025,20:13:11[0m
[0;32mI (635) phy_init: Saving new calibration data due to checksum failure or outdated calibration data, mode(0)[0m
[0;32mI (705) wifi:mode : sta (30:ed:a0:bb:1a:64)[0m
[0;32mI (715) wifi:enable tsf[0m
[0;32mI (715) WifiManager: Connecting to SSID: SeifAyman[0m
[0;32mI (3125) WifiManager: Disconnected from AP, retrying...[0m
[0;32mI (5535) WifiManager: Disconnected from AP, retrying...[0m
[0;32mI (7945) WifiManager: Disconnected from AP, retrying...[0m
[0;32mI (10355) WifiManager: Disconnected from AP, retrying...[0m
[0;32mI (12755) WifiManager: Disconnected from AP, retrying...[0m
[0;32mI (15165) WifiManager: Disconnected from AP, retrying...[0m
[0;33mW (15715) main: Failed to connect 'SeifAyman' — AP fallback[0m
[0;32mI (15715) wifi:mode : softAP (30:ed:a0:bb:1a:65)[0m
[0;32mI (15715) wifi:Total power save buffer number: 16[0m
[0;32mI (15715) wifi:Init max length of beacon: 752/752[0m
[0;32mI (15715) wifi:Init max length of beacon: 752/752[0m
[0;32mI (15735) esp_netif_lwip: DHCP server started on interface WIFI_AP_DEF with IP: 192.168.4.1[0m
[0;32mI (15735) wifi:Total power save buffer number: 16[0m
[0;32mI (15735) WifiManager: AP Started. SSID: Takamul_Prov[0m
[0;32mI (15745) esp_netif_lwip: DHCP server started on interface WIFI_AP_DEF with IP: 192.168.4.1[0m
[0;32mI (15745) WebServer: Starting socket web server on port 80[0m
[0;32mI (15745) WebServer: Starting DNS server on port 53[0m
[0;32mI (3065) WifiManager: Disconnected from AP, retrying...[0m
[0;32mI (5475) WifiManager: Disconnected from AP, retrying...[0m
[0;32mI (7885) WifiManager: Disconnected from AP, retrying...[0m
[0;32mI (10295) WifiManager: Disconnected from AP, retrying...[0m
[0;32mI (12705) WifiManager: Disconnected from AP, retrying...[0m
[0;32mI (15115) WifiManager: Disconnected from AP, retrying...[0m
[0;33mW (15655) main: Failed to connect 'SeifAyman' — AP fallback[0m
[0;32mI (15655) wifi:mode : softAP (30:ed:a0:bb:1a:65)[0m
[0;32mI (15655) wifi:Total power save buffer number: 16[0m
[0;32mI (15655) wifi:Init max length of beacon: 752/752[0m
[0;32mI (15655) wifi:Init max length of beacon: 752/752[0m
[0;32mI (15675) esp_netif_lwip: DHCP server started on interface WIFI_AP_DEF with IP: 192.168.4.1[0m
[0;32mI (15675) wifi:Total power save buffer number: 16[0m
[0;32mI (15675) WifiManager: AP Started. SSID: Takamul_Prov[0m
[0;32mI (15685) esp_netif_lwip: DHCP server started on interface WIFI_AP_DEF with IP: 192.168.4.1[0m
[0;32mI (15685) WebServer: Starting socket web server on port 80[0m
[0;32mI (15685) WebServer: Starting DNS server on port 53[0m
[0;32mI (58395) wifi:new:<1,1>, old:<1,1>, ap:<1,1>, sta:<255,255>, prof:1, snd_ch_cfg:0x0[0m
[0;32mI (58395) wifi:station: 94:65:9c:3c:e9:fc join, AID=1, bgn, 40U[0m
[0;32mI (58515) esp_netif_lwip: DHCP server assigned IP to a client, IP is: 192.168.4.2[0m
[0;32mI (58635) wifi:<ba-add>idx:2 (ifx:1, 94:65:9c:3c:e9:fc), tid:0, ssn:14, winSize:64[0m
Irs