x�x��r��RNG eaets Jul 29 2019 12:21:46

rst:0x1 (POWERON_RESET),boot:0x17 (SPI_FAST_FLASH_BOOT)
configsip: 0, SPIWP:0xee
clk_drv:0x00,q_drv:0x00,d_drv:0x00,cs0_drv:0x00,hd_drv:0x00,wp_drv:0x00
mode:DIO, clock div:2
load:0x3fff0030,len:6276
load:0x40078000,len:15748
load:0x40080400,len:4
ho 8 tail 4 room 4
load:0x40080404,len:3860
entry 0x4008063c
[0;32mI (31) boot: ESP-IDF v5.4.1-dirty 2nd stage bootloader[0m
[0;32mI (31) boot: compile time Apr 22 2026 01:46:19[0m
[0;32mI (31) boot: Multicore bootloader[0m
[0;32mI (33) boot: chip revision: v3.1[0m
[0;32mI (36) boot.esp32: SPI Speed      : 40MHz[0m
[0;32mI (40) boot.esp32: SPI Mode       : DIO[0m
[0;32mI (43) boot.esp32: SPI Flash Size : 2MB[0m
[0;32mI (47) boot: Enabling RNG early entropy source...[0m
[0;32mI (51) boot: Partition Table:[0m
[0;32mI (54) boot: ## Label            Usage          Type ST Offset   Length[0m
[0;32mI (60) boot:  0 nvs              WiFi data        01 02 00009000 00006000[0m
[0;32mI (67) boot:  1 phy_init         RF data          01 01 0000f000 00001000[0m
[0;32mI (73) boot:  2 factory          factory app      00 00 00010000 00100000[0m
[0;32mI (80) boot: End of partition table[0m
[0;32mI (83) esp_image: segment 0: paddr=00010020 vaddr=3f400020 size=0b3cch ( 46028) map[0m
[0;32mI (106) esp_image: segment 1: paddr=0001b3f4 vaddr=3ff80000 size=0001ch (    28) load[0m
[0;32mI (106) esp_image: segment 2: paddr=0001b418 vaddr=3ffb0000 size=02324h (  8996) load[0m
[0;32mI (113) esp_image: segment 3: paddr=0001d744 vaddr=40080000 size=028d4h ( 10452) load[0m
[0;32mI (122) esp_image: segment 4: paddr=00020020 vaddr=400d0020 size=176a0h ( 95904) map[0m
[0;32mI (158) esp_image: segment 5: paddr=000376c8 vaddr=400828d4 size=0b44ch ( 46156) load[0m
[0;32mI (183) boot: Loaded app from partition at offset 0x10000[0m
[0;32mI (183) boot: Disabling RNG early entropy source...[0m
[0;32mI (193) cpu_start: Multicore app[0m
[0;32mI (201) cpu_start: Pro cpu start user code[0m
[0;32mI (202) cpu_start: cpu freq: 160000000 Hz[0m
[0;32mI (202) app_init: Application information:[0m
[0;32mI (202) app_init: Project name:     test_modbus[0m
[0;32mI (206) app_init: App version:      b70fffd-dirty[0m
[0;32mI (210) app_init: Compile time:     Apr 22 2026 01:46:05[0m
[0;32mI (215) app_init: ELF file SHA256:  399129d78...[0m
[0;32mI (220) app_init: ESP-IDF:          v5.4.1-dirty[0m
[0;32mI (224) efuse_init: Min chip rev:     v0.0[0m
[0;32mI (228) efuse_init: Max chip rev:     v3.99 [0m
[0;32mI (232) efuse_init: Chip rev:         v3.1[0m
[0;32mI (236) heap_init: Initializing. RAM available for dynamic allocation:[0m
[0;32mI (242) heap_init: At 3FFAE6E0 len 00001920 (6 KiB): DRAM[0m
[0;32mI (247) heap_init: At 3FFB2D28 len 0002D2D8 (180 KiB): DRAM[0m
[0;32mI (252) heap_init: At 3FFE0440 len 00003AE0 (14 KiB): D/IRAM[0m
[0;32mI (258) heap_init: At 3FFE4350 len 0001BCB0 (111 KiB): D/IRAM[0m
[0;32mI (263) heap_init: At 4008DD20 len 000122E0 (72 KiB): IRAM[0m
[0;32mI (270) spi_flash: detected chip: generic[0m
[0;32mI (272) spi_flash: flash io: dio[0m
[0;33mW (275) spi_flash: Detected size(4096k) larger than the size in the binary image header(2048k). Using the size in the binary image header.[0m
[0;32mI (288) main_task: Started on CPU0[0m
[0;32mI (298) main_task: Calling app_main()[0m
[0;32mI (298) MB_SIM: UART2 ready — Slave ID=1  Baud=19200[0m
[0;32mI (298) main_task: Returned from app_main()[0m
[0;32mI (298) MB_SIM: Modbus task running — slave ID=1  baud=19200[0m

[SIM] Temp= 25.2 C  Press= 1013.5 hPa  Flow= 20.32 L/min  Status=0x8000  Uptime=0s

[SIM] Temp= 25.5 C  Press= 1013.8 hPa  Flow= 20.65 L/min  Status=0x8000  Uptime=0s

[SIM] Temp= 25.7 C  Press= 1014.0 hPa  Flow= 20.97 L/min  Status=0x8000  Uptime=0s

[SIM] Temp= 26.0 C  Press= 1014.3 hPa  Flow= 21.29 L/min  Status=0x8000  Uptime=0s

[SIM] Temp= 26.2 C  Press= 1014.6 hPa  Flow= 21.60 L/min  Status=0x8000  Uptime=1s

[SIM] Temp= 26.5 C  Press= 1014.9 hPa  Flow= 21.90 L/min  Status=0x8000  Uptime=1s

[SIM] Temp= 26.7 C  Press= 1015.1 hPa  Flow= 22.20 L/min  Status=0x8000  Uptime=1s
