ets Jul 29 2019 12:21:46

rst:0x1 (POWERON_RESET),boot:0x13 (SPI_FAST_FLASH_BOOT)
configsip: 0, SPIWP:0xee
clk_drv:0x00,q_drv:0x00,d_drv:0x00,cs0_drv:0x00,hd_drv:0x00,wp_drv:0x00
mode:DIO, clock div:2
load:0x3fff0030,len:6276
load:0x40078000,len:15748
load:0x40080400,len:4
ho 8 tail 4 room 4
load:0x40080404,len:3860
entry 0x4008063c
[0;32mI (31) boot: ESP-IDF v5.4.1-dirty 2nd stage bootloader[0m
[0;32mI (31) boot: compile time Apr 30 2026 01:15:59[0m
[0;32mI (31) boot: Multicore bootloader[0m
[0;32mI (33) boot: chip revision: v3.1[0m
[0;32mI (36) boot.esp32: SPI Speed      : 40MHz[0m
[0;32mI (40) boot.esp32: SPI Mode       : DIO[0m
[0;32mI (43) boot.esp32: SPI Flash Size : 2MB[0m
[0;32mI (47) boot: Enabling RNG early entropy source...[0m
[0;32mI (51) boot: Partition Table:[0m
[0;32mI (54) boot: ## Label            Usage          Type ST Offset   Length[0m
[0;32mI (60) boot:  0 nvs              WiFi data        01 02 00009000 00006000[0m
[0;32mI (67) boot:  1 phy_init         RF data          01 01 0000f000 00001000[0m
[0;32mI (73) boot:  2 factory          factory app      00 00 00010000 00100000[0m
[0;32mI (80) boot: End of partition table[0m
[0;32mI (83) esp_image: segment 0: paddr=00010020 vaddr=3f400020 size=2ee48h (192072) map[0m
[0;32mI (156) esp_image: segment 1: paddr=0003ee70 vaddr=3ff80000 size=0001ch (    28) load[0m
[0;32mI (156) esp_image: segment 2: paddr=0003ee94 vaddr=3ffb0000 size=01184h (  4484) load[0m
[0;32mI (162) esp_image: segment 3: paddr=00040020 vaddr=400d0020 size=9d0d8h (643288) map[0m
[0;32mI (387) esp_image: segment 4: paddr=000dd100 vaddr=3ffb1184 size=02d30h ( 11568) load[0m
[0;32mI (392) esp_image: segment 5: paddr=000dfe38 vaddr=40080000 size=17798h ( 96152) load[0m
[0;32mI (440) boot: Loaded app from partition at offset 0x10000[0m
[0;32mI (440) boot: Disabling RNG early entropy source...[0m
[0;32mI (451) cpu_start: Multicore app[0m
[0;32mI (459) cpu_start: Pro cpu start user code[0m
[0;32mI (459) cpu_start: cpu freq: 160000000 Hz[0m
[0;32mI (460) app_init: Application information:[0m
[0;32mI (460) app_init: Project name:     takamul_esp32[0m
[0;32mI (464) app_init: App version:      b70fffd-dirty[0m
[0;32mI (468) app_init: Compile time:     Apr 30 2026 01:15:49[0m
[0;32mI (473) app_init: ELF file SHA256:  8e0a211af...[0m
[0;32mI (478) app_init: ESP-IDF:          v5.4.1-dirty[0m
[0;32mI (482) efuse_init: Min chip rev:     v0.0[0m
[0;32mI (486) efuse_init: Max chip rev:     v3.99 [0m
[0;32mI (490) efuse_init: Chip rev:         v3.1[0m
[0;32mI (494) heap_init: Initializing. RAM available for dynamic allocation:[0m
[0;32mI (500) heap_init: At 3FFAE6E0 len 00001920 (6 KiB): DRAM[0m
[0;32mI (505) heap_init: At 3FFB8770 len 00027890 (158 KiB): DRAM[0m
[0;32mI (510) heap_init: At 3FFE0440 len 00003AE0 (14 KiB): D/IRAM[0m
[0;32mI (516) heap_init: At 3FFE4350 len 0001BCB0 (111 KiB): D/IRAM[0m
[0;32mI (521) heap_init: At 40097798 len 00008868 (34 KiB): IRAM[0m
[0;32mI (528) spi_flash: detected chip: generic[0m
[0;32mI (530) spi_flash: flash io: dio[0m
[0;33mW (533) spi_flash: Detected size(4096k) larger than the size in the binary image header(2048k). Using the size in the binary image header.[0m
[0;32mI (547) main_task: Started on CPU0[0m
[0;32mI (557) main_task: Calling app_main()[0m
[0;32mI (557) TAKAMUL: ========================================[0m
[0;32mI (557) TAKAMUL:   Takamul SCADA - ESP32 Telemetry Node  [0m
[0;32mI (557) TAKAMUL: ========================================[0m
[0;32mI (567) TAKAMUL: Device ID (MAC): E0:5A:1B:D1:01:5C[0m
[0;32mI (577) TAKAMUL: Connecting to WiFi: Mohamed Fathy[0m
[0;32mI (597) wifi:wifi driver task: 3ffc1720, prio:23, stack:6656, core=0[0m
[0;32mI (597) wifi:wifi firmware version: 79fa3f41ba[0m
[0;32mI (597) wifi:wifi certification version: v7.0[0m
[0;32mI (597) wifi:config NVS flash: enabled[0m
[0;32mI (597) wifi:config nano formatting: disabled[0m
[0;32mI (607) wifi:Init data frame dynamic rx buffer num: 32[0m
[0;32mI (607) wifi:Init static rx mgmt buffer num: 5[0m
[0;32mI (617) wifi:Init management short buffer num: 32[0m
[0;32mI (617) wifi:Init dynamic tx buffer num: 32[0m
[0;32mI (617) wifi:Init static rx buffer size: 1600[0m
[0;32mI (627) wifi:Init static rx buffer num: 10[0m
[0;32mI (627) wifi:Init dynamic rx buffer num: 32[0m
[0;32mI (637) wifi_init: rx ba win: 6[0m
[0;32mI (637) wifi_init: accept mbox: 6[0m
[0;32mI (637) wifi_init: tcpip mbox: 32[0m
[0;32mI (637) wifi_init: udp mbox: 6[0m
[0;32mI (647) wifi_init: tcp mbox: 6[0m
[0;32mI (647) wifi_init: tcp tx win: 5760[0m
[0;32mI (647) wifi_init: tcp rx win: 5760[0m
[0;32mI (657) wifi_init: tcp mss: 1440[0m
[0;32mI (657) wifi_init: WiFi IRAM OP enabled[0m
[0;32mI (657) wifi_init: WiFi RX IRAM OP enabled[0m
[0;33mW (667) wifi:Password length matches WPA2 standards, authmode threshold changes from OPEN to WPA2[0m
[0;32mI (697) phy_init: phy_version 4860,6b7a6e5,Feb  6 2025,14:47:07[0m
[0;33mW (697) phy_init: failed to load RF calibration data (0x1102), falling back to full calibration[0m
[0;32mI (757) phy_init: Saving new calibration data due to checksum failure or outdated calibration data, mode(2)[0m
[0;32mI (777) wifi:mode : sta (e0:5a:1b:d1:01:5c)[0m
[0;32mI (777) wifi:enable tsf[0m
[0;32mI (1047) wifi:new:<1,0>, old:<1,0>, ap:<255,255>, sta:<1,0>, prof:1, snd_ch_cfg:0x0[0m
[0;32mI (1047) wifi:state: init -> auth (0xb0)[0m
[0;32mI (1057) wifi:state: auth -> assoc (0x0)[0m
[0;32mI (1057) wifi:state: assoc -> run (0x10)[0m
[0;32mI (1067) wifi:<ba-add>idx:0 (ifx:0, dc:99:14:53:c3:04), tid:0, ssn:0, winSize:64[0m
[0;32mI (1087) wifi:connected with Mohamed Fathy, aid = 10, channel 1, BW20, bssid = dc:99:14:53:c3:04[0m
[0;32mI (1097) wifi:security: WPA2-PSK, phy: bgn, rssi: -79[0m
[0;32mI (1107) wifi:pm start, type: 1[0m

[0;32mI (1107) wifi:dp: 1, bi: 100352, li: 3, scale listen interval from 307200 us to 301056 us[0m
[0;32mI (1117) wifi:AP's beacon interval = 100352 us, DTIM period = 1[0m
[0;32mI (4147) esp_netif_handlers: sta ip: 192.168.100.134, mask: 255.255.255.0, gw: 192.168.100.1[0m
[0;32mI (4147) TAKAMUL: IP: 192.168.100.134[0m
[0;32mI (4147) TAKAMUL: WiFi OK[0m
[0;32mI (4147) TAKAMUL: Telemetry task started — interval 5000 ms[0m
[0;32mI (4147) TAKAMUL: ---- Sending batch | device: E0:5A:1B:D1:01:5C ----[0m
[0;32mI (4167) main_task: Returned from app_main()[0m
[0;32mI (5477) esp-x509-crt-bundle: Certificate validated[0m
