x����: At 3�ets Jul 29 2019 12:21:46

rst:0x1 (POWERON_RESET),boot:0x13 (SPI_FAST_FLASH_BOOT)
configsip: 0, SPIWP:0xee
clk_drv:0x00,q_drv:0x00,d_drv:0x00,cs0_drv:0x00,hd_drv:0x00,wp_drv:0x00
mode:DIO, clock div:2
load:0x3fff0030,len:6276
load:0x40078000,len:15748
load:0x40080400,len:4
ho 8 tail 4 room 4
load:0x40080404,len:3860
entry 0x4008063c
[0;32mI (31) boot: ESP-IDF v5.4.1-dirty 2nd stage bootloader[0m
[0;32mI (31) boot: compile time Apr 17 2026 00:36:52[0m
[0;32mI (31) boot: Multicore bootloader[0m
[0;32mI (33) boot: chip revision: v3.1[0m
[0;32mI (36) boot.esp32: SPI Speed      : 40MHz[0m
[0;32mI (40) boot.esp32: SPI Mode       : DIO[0m
[0;32mI (43) boot.esp32: SPI Flash Size : 2MB[0m
[0;32mI (47) boot: Enabling RNG early entropy source...[0m
[0;32mI (51) boot: Partition Table:[0m
[0;32mI (54) boot: ## Label            Usage          Type ST Offset   Length[0m
[0;32mI (60) boot:  0 nvs              WiFi data        01 02 00009000 00006000[0m
[0;32mI (67) boot:  1 phy_init         RF data          01 01 0000f000 00001000[0m
[0;32mI (73) boot:  2 factory          factory app      00 00 00010000 00100000[0m
[0;32mI (80) boot: End of partition table[0m
[0;32mI (83) esp_image: segment 0: paddr=00010020 vaddr=3f400020 size=0b194h ( 45460) map[0m
[0;32mI (106) esp_image: segment 1: paddr=0001b1bc vaddr=3ff80000 size=0001ch (    28) load[0m
[0;32mI (106) esp_image: segment 2: paddr=0001b1e0 vaddr=3ffb0000 size=02324h (  8996) load[0m
[0;32mI (113) esp_image: segment 3: paddr=0001d50c vaddr=40080000 size=02b0ch ( 11020) load[0m
[0;32mI (122) esp_image: segment 4: paddr=00020020 vaddr=400d0020 size=17304h ( 94980) map[0m
[0;32mI (157) esp_image: segment 5: paddr=0003732c vaddr=40082b0c size=0b168h ( 45416) load[0m
[0;32mI (182) boot: Loaded app from partition at offset 0x10000[0m
[0;32mI (182) boot: Disabling RNG early entropy source...[0m
[0;32mI (192) cpu_start: Multicore app[0m
[0;32mI (201) cpu_start: Pro cpu start user code[0m
[0;32mI (201) cpu_start: cpu freq: 160000000 Hz[0m
[0;32mI (201) app_init: Application information:[0m
[0;32mI (201) app_init: Project name:     test_modbus[0m
[0;32mI (205) app_init: App version:      b70fffd-dirty[0m
[0;32mI (209) app_init: Compile time:     Apr 17 2026 00:36:43[0m
[0;32mI (215) app_init: ELF file SHA256:  a50f42932...[0m
[0;32mI (219) app_init: ESP-IDF:          v5.4.1-dirty[0m
[0;32mI (223) efuse_init: Min chip rev:     v0.0[0m
[0;32mI (227) efuse_init: Max chip rev:     v3.99 [0m
[0;32mI (231) efuse_init: Chip rev:         v3.1[0m
[0;32mI (235) heap_init: Initializing. RAM available for dynamic allocation:[0m
[0;32mI (241) heap_init: At 3FFAE6E0 len 00001920 (6 KiB): DRAM[0m
[0;32mI (246) heap_init: At 3FFB2C18 len 0002D3E8 (180 KiB): DRAM[0m
[0;32mI (251) heap_init: At 3FFE0440 len 00003AE0 (14 KiB): D/IRAM[0m
[0;32mI (257) heap_init: At 3FFE4350 len 0001BCB0 (111 KiB): D/IRAM[0m
[0;32mI (262) heap_init: At 4008DC74 len 0001238C (72 KiB): IRAM[0m
[0;32mI (269) spi_flash: detected chip: generic[0m
[0;32mI (271) spi_flash: flash io: dio[0m
[0;33mW (274) spi_flash: Detected size(4096k) larger than the size in the binary image header(2048k). Using the size in the binary image header.[0m
[0;32mI (287) main_task: Started on CPU0[0m
[0;32mI (297) main_task: Calling app_main()[0m
[0;32mI (297) gpio: GPIO[18]| InputEn: 0| OutputEn: 0| OpenDrain: 0| Pullup: 1| Pulldown: 0| Intr:0 [0m
[0;32mI (297) SLAVE: Slave task started[0m
[0;32mI (297) VFD_SLAVE: Logic task started[0m
[0;32mI (307) main_task: Returned from app_main()[0m
[0;32mI (1537) VFD_SLAVE: Received 9 bytes[0m
[0;32mI (1537) VFD_SLAVE: 00 01 06 00 01 17 70 d6 1e[0m
[0;32mI (1537) VFD_SLAVE: Status: STOP | Freq: 60 Hz | Current: 1000 mA | Voltage: 2400 mV[0m
[0;32mI (4087) VFD_SLAVE: Received 10 bytes[0m
[0;32mI (4087) VFD_SLAVE: 00 00 01 04 00 02 00 01 90 0a[0m
[0;32mI (4087) VFD_SLAVE: Status: STOP | Freq: 60 Hz | Current: 1000 mA | Voltage: 2400 mV[0m
[0;32mI (5647) VFD_SLAVE: Received 10 bytes[0m
[0;32mI (5647) VFD_SLAVE: 00 00 01 04 00 03 00 01 c1 ca[0m
[0;32mI (5647) VFD_SLAVE: Status: STOP | Freq: 60 Hz | Current: 1000 mA | Voltage: 2400 mV[0m
[0;32mI (7187) VFD_SLAVE: Received 10 bytes[0m
[0;32mI (7187) VFD_SLAVE: 00 00 01 05 00 00 00 00 cd ca[0m
[0;32mI (7187) VFD_SLAVE: Status: STOP | Freq: 60 Hz | Current: 1000 mA | Voltage: 2400 mV[0m
[0;32mI (9737) VFD_SLAVE: Received 10 bytes[0m
[0;32mI (9737) VFD_SLAVE: 00 00 01 05 00 00 ff 00 8c 3a[0m
[0;32mI (9737) VFD_SLAVE: Status: RUN | Freq: 60 Hz | Current: 1000 mA | Voltage: 2400 mV[0m
[0;32mI (12287) VFD_SLAVE: Received 10 bytes[0m
[0;32mI (12287) VFD_SLAVE: 00 00 01 06 00 01 17 70 d6 1e[0m
[0;32mI (12287) VFD_SLAVE: Status: RUN | Freq: 60 Hz | Current: 1000 mA | Voltage: 2400 mV[0m
[0;32mI (14837) VFD_SLAVE: Received 10 bytes[0m
[0;32mI (14837) VFD_SLAVE: 00 00 01 04 00 02 00 01 90 0a[0m
[0;32mI (14837) VFD_SLAVE: Status: RUN | Freq: 60 Hz | Current: 1000 mA | Voltage: 2400 mV[0m
[0;32mI (16397) VFD_SLAVE: Received 10 bytes[0m
[0;32mI (16397) VFD_SLAVE: 00 00 01 04 00 03 00 01 c1 ca[0m
[0;32mI (16397) VFD_SLAVE: Status: RUN | Freq: 60 Hz | Current: 1000 mA | Voltage: 2400 mV[0m
[0;32mI (17937) VFD_SLAVE: Received 10 bytes[0m
[0;32mI (17937) VFD_SLAVE: 00 00 01 05 00 00 00 00 cd ca[0m
[0;32mI (17937) VFD_SLAVE: Status: STOP | Freq: 60 Hz | Current: 1000 mA | Voltage: 2400 mV[0m
[0;32mI (20487) VFD_SLAVE: Received 10 bytes[0m
[0;32mI (20487) VFD_SLAVE: 00 00 01 05 00 00 ff 00 8c 3a[0m
[0;32mI (20487) VFD_SLAVE: Status: RUN | Freq: 60 Hz | Current: 1000 mA | Voltage: 2400 mV[0m
